// Jest Snapshot v1, https://goo.gl/fbAQLP

exports[`SearchResult component unit tests Returns a result given a search query string 1`] = `
<div>
  <div
    class="flex flex-col space-y-4"
    role="searchbox"
  >
    <div
      class="rounded-lg border border-gray-200 bg-white p-8 shadow-lg"
    >
      <ul
        class="flex flex-col space-y-3 text-slate-800"
      >
        <li
          class="flex items-center space-x-3"
        >
          <svg
            aria-hidden="true"
            class="size-5 text-gray-700"
            data-slot="icon"
            fill="none"
            stroke="currentColor"
            stroke-width="1.5"
            viewBox="0 0 24 24"
            xmlns="http://www.w3.org/2000/svg"
          >
            <path
              d="M17.982 18.725A7.488 7.488 0 0 0 12 15.75a7.488 7.488 0 0 0-5.982 2.975m11.963 0a9 9 0 1 0-11.963 0m11.963 0A8.966 8.966 0 0 1 12 21a8.966 8.966 0 0 1-5.982-2.275M15 9.75a3 3 0 1 1-6 0 3 3 0 0 1 6 0Z"
              stroke-linecap="round"
              stroke-linejoin="round"
            />
          </svg>
          <span
            class="text-lg font-semibold"
          >
            Kurtis Weissnat
          </span>
        </li>
        <li
          class="flex items-center space-x-3"
        >
          <svg
            aria-hidden="true"
            class="size-5 text-gray-700"
            data-slot="icon"
            fill="none"
            stroke="currentColor"
            stroke-width="1.5"
            viewBox="0 0 24 24"
            xmlns="http://www.w3.org/2000/svg"
          >
            <path
              d="M21.75 6.75v10.5a2.25 2.25 0 0 1-2.25 2.25h-15a2.25 2.25 0 0 1-2.25-2.25V6.75m19.5 0A2.25 2.25 0 0 0 19.5 4.5h-15a2.25 2.25 0 0 0-2.25 2.25m19.5 0v.243a2.25 2.25 0 0 1-1.07 1.916l-7.5 4.615a2.25 2.25 0 0 1-2.36 0L3.32 8.91a2.25 2.25 0 0 1-1.07-1.916V6.75"
              stroke-linecap="round"
              stroke-linejoin="round"
            />
          </svg>
          <span
            data-testid="email"
          >
            Telly.Hoeger@billy.biz
          </span>
        </li>
        <li
          class="flex items-center space-x-3"
        >
          <svg
            aria-hidden="true"
            class="size-5 text-gray-700"
            data-slot="icon"
            fill="none"
            stroke="currentColor"
            stroke-width="1.5"
            viewBox="0 0 24 24"
            xmlns="http://www.w3.org/2000/svg"
          >
            <path
              d="M15 10.5a3 3 0 1 1-6 0 3 3 0 0 1 6 0Z"
              stroke-linecap="round"
              stroke-linejoin="round"
            />
            <path
              d="M19.5 10.5c0 7.142-7.5 11.25-7.5 11.25S4.5 17.642 4.5 10.5a7.5 7.5 0 1 1 15 0Z"
              stroke-linecap="round"
              stroke-linejoin="round"
            />
          </svg>
          <div>
            <span>
              Rex Trail
              , 
            </span>
            <span>
              Suite 280
              , 
            </span>
            <span>
              Howemouth
              , 
            </span>
            <span>
              58804-1099
            </span>
          </div>
        </li>
        <li
          class="flex items-center space-x-3"
        >
          <svg
            aria-hidden="true"
            class="size-5 text-gray-700"
            data-slot="icon"
            fill="none"
            stroke="currentColor"
            stroke-width="1.5"
            viewBox="0 0 24 24"
            xmlns="http://www.w3.org/2000/svg"
          >
            <path
              d="M2.25 6.75c0 8.284 6.716 15 15 15h2.25a2.25 2.25 0 0 0 2.25-2.25v-1.372c0-.516-.351-.966-.852-1.091l-4.423-1.106c-.44-.11-.902.055-1.173.417l-.97 1.293c-.282.376-.769.542-1.21.38a12.035 12.035 0 0 1-7.143-7.143c-.162-.441.004-.928.38-1.21l1.293-.97c.363-.271.527-.734.417-1.173L6.963 3.102a1.125 1.125 0 0 0-1.091-.852H4.5A2.25 2.25 0 0 0 2.25 4.5v2.25Z"
              stroke-linecap="round"
              stroke-linejoin="round"
            />
          </svg>
          <span>
            210.067.6132
          </span>
        </li>
        <li
          class="flex items-center space-x-3"
        >
          <svg
            aria-hidden="true"
            class="size-5 text-gray-700"
            data-slot="icon"
            fill="none"
            stroke="currentColor"
            stroke-width="1.5"
            viewBox="0 0 24 24"
            xmlns="http://www.w3.org/2000/svg"
          >
            <path
              d="M12 21a9.004 9.004 0 0 0 8.716-6.747M12 21a9.004 9.004 0 0 1-8.716-6.747M12 21c2.485 0 4.5-4.03 4.5-9S14.485 3 12 3m0 18c-2.485 0-4.5-4.03-4.5-9S9.515 3 12 3m0 0a8.997 8.997 0 0 1 7.843 4.582M12 3a8.997 8.997 0 0 0-7.843 4.582m15.686 0A11.953 11.953 0 0 1 12 10.5c-2.998 0-5.74-1.1-7.843-2.918m15.686 0A8.959 8.959 0 0 1 21 12c0 .778-.099 1.533-.284 2.253m0 0A17.919 17.919 0 0 1 12 16.5c-3.162 0-6.133-.815-8.716-2.247m0 0A9.015 9.015 0 0 1 3 12c0-1.605.42-3.113 1.157-4.418"
              stroke-linecap="round"
              stroke-linejoin="round"
            />
          </svg>
          <span>
            elvis.io
          </span>
        </li>
        <li
          class="flex items-start space-x-3"
        >
          <svg
            aria-hidden="true"
            class="mt-1 size-5 text-gray-700"
            data-slot="icon"
            fill="none"
            stroke="currentColor"
            stroke-width="1.5"
            viewBox="0 0 24 24"
            xmlns="http://www.w3.org/2000/svg"
          >
            <path
              d="M20.25 14.15v4.25c0 1.094-.787 2.036-1.872 2.18-2.087.277-4.216.42-6.378.42s-4.291-.143-6.378-.42c-1.085-.144-1.872-1.086-1.872-2.18v-4.25m16.5 0a2.18 2.18 0 0 0 .75-1.661V8.706c0-1.081-.768-2.015-1.837-2.175a48.114 48.114 0 0 0-3.413-.387m4.5 8.006c-.194.165-.42.295-.673.38A23.978 23.978 0 0 1 12 15.75c-2.648 0-5.195-.429-7.577-1.22a2.016 2.016 0 0 1-.673-.38m0 0A2.18 2.18 0 0 1 3 12.489V8.706c0-1.081.768-2.015 1.837-2.175a48.111 48.111 0 0 1 3.413-.387m7.5 0V5.25A2.25 2.25 0 0 0 13.5 3h-3a2.25 2.25 0 0 0-2.25 2.25v.894m7.5 0a48.667 48.667 0 0 0-7.5 0M12 12.75h.008v.008H12v-.008Z"
              stroke-linecap="round"
              stroke-linejoin="round"
            />
          </svg>
          <div
            class="flex flex-col"
          >
            <p
              class="font-medium"
            >
              Johns Group
            </p>
            <p
              class="text-sm text-gray-600"
            >
              Configurable multimedia task-force
            </p>
          </div>
        </li>
      </ul>
    </div>
  </div>
</div>
`;
